// Jest Snapshot v1, https://goo.gl/fbAQLP

exports[`file main.spec should  1`] = `
lodash();
"
`;
